2025-02-10 14:59:22 info: Start hashing password for Binh@gmail.com
2025-02-10 14:59:22 info: User Binh@gmail.com has been created
2025-02-10 16:37:57 info: Start hashing password for Lan@gmail.com
2025-02-10 16:37:58 info: User Lan@gmail.com has been created
2025-02-10 16:43:43 info: Start hashing password for namTran@gmail.com
2025-02-10 16:43:43 info: User namTran@gmail.com has been created
2025-02-10 16:44:58 info: Start hashing password for BinhTran@gmail.com
2025-02-10 16:44:58 info: User BinhTran@gmail.com has been created
2025-02-10 16:59:19 info: Start hashing password for anTran@gmail.com
2025-02-10 16:59:19 info: User anTran@gmail.com has been created
2025-02-10 17:26:40 info: Start hashing password for haNguyen@gmail.com
2025-02-10 17:26:40 info: User haNguyen@gmail.com has been created
2025-02-10 17:35:19 info: Start hashing password for binhNguyen@gmail.com
2025-02-10 17:35:19 info: User binhNguyen@gmail.com has been created
2025-02-10 20:12:07 info: Start hashing password for TrungNguyen@gmail.com
2025-02-10 20:12:08 info: User TrungNguyen@gmail.com has been created
2025-02-10 21:21:31 info: Start hashing password for HaNguyen@gmail.com
2025-02-10 21:21:31 info: User HaNguyen@gmail.com has been created
2025-02-10 21:25:36 info: Start hashing password for Tranvi@gmail.com
2025-02-10 21:25:37 info: User Tranvi@gmail.com has been created
2025-02-10 21:30:04 info: Start hashing password for dinhha@gmail.com
2025-02-10 21:30:05 error: Error register
2025-02-10 21:32:03 info: Start hashing password for dinhha@gmail.com
2025-02-10 21:32:03 error: Error register
2025-02-10 21:37:02 info: Start hashing password for dinhha@gmail.com
2025-02-10 21:37:02 error: Error register
2025-02-10 21:38:33 info: Start hashing password for dinhha1@gmail.com
2025-02-10 21:38:33 error: Error register
2025-02-10 21:54:11 info: Start hashing password for dinhha@gmail.com
2025-02-10 21:54:12 info: User dinhha@gmail.com has been created with username Đình9047
2025-02-12 17:05:38 error: Error login
2025-02-12 17:07:33 info: Start hashing password for Hanguyen@gmail.com
2025-02-12 17:07:33 info: User Hanguyen@gmail.com has been created with username Hạ
2025-02-12 17:08:12 error: Error login
2025-02-12 17:08:55 error: Error login
2025-02-12 17:11:01 error: Error login
2025-02-12 17:13:23 error: Error login
2025-02-12 17:16:24 error: Error login
2025-02-12 17:18:31 error: Error login
2025-02-12 17:19:52 error: Error login
2025-02-12 17:21:41 error: Error login
2025-02-12 17:23:05 error: Error login
2025-02-12 17:24:35 error: Error login
2025-02-12 17:25:44 error: Error login
2025-02-12 17:26:04 error: Error login
2025-02-12 17:28:30 error: Error login
2025-02-12 17:29:19 error: Error login
2025-02-12 17:35:25 error: Error login
2025-02-12 17:56:52 info: Start hashing password for MinhDao@gmail.com
2025-02-12 17:56:52 info: User MinhDao@gmail.com has been created with username Minh2509
2025-02-14 10:45:49 info: ACCESS_TOKEN_SECRET:
2025-02-14 10:45:49 info: Access token created:
2025-02-14 10:45:49 info: Token set in cookie
2025-02-14 10:45:49 info: Login successful, response sent
2025-02-14 10:49:15 info: Login successful for user: MinhDao@gmail.com, username: Minh2509
2025-02-14 22:21:43 info: Start hashing password for trungk12@imail.edu.vn
2025-02-14 22:21:43 info: User trungk12@imail.edu.vn has been created with username Trung5601
2025-02-16 11:17:23 info: Login successful for user: MinhDao@gmail.com, username: Minh2509
2025-02-16 11:26:08 info: Login successful for user: trungk12@imail.edu.vn, username: Trung5601
2025-02-16 22:13:57 warn: Password is incorrect
2025-02-16 22:14:00 warn: Password is incorrect
2025-02-16 22:14:02 warn: Password is incorrect
2025-02-16 22:14:03 warn: Password is incorrect
2025-02-16 22:15:08 info: Login successful for user: MinhDao@gmail.com, username: Minh2509
2025-02-16 22:15:41 info: Login successful for user: MinhDao@gmail.com, username: Minh2509
2025-02-16 22:18:09 info: Login successful for user: MinhDao@gmail.com, username: Minh2509
2025-02-17 08:11:57 info: Login successful for user: MinhDao@gmail.com, username: Minh2509
2025-02-17 08:56:53 warn: Password is incorrect
2025-02-17 08:56:55 warn: Password is incorrect
2025-02-17 08:56:56 warn: Password is incorrect
2025-02-17 08:56:56 warn: Password is incorrect
2025-02-17 08:56:56 warn: Password is incorrect
2025-02-17 08:57:03 warn: User not found
2025-02-17 08:57:06 info: Login successful for user: MinhDao@gmail.com, username: Minh2509
2025-02-17 09:52:24 info: Login successful for user: trungk12@imail.edu.vn, username: Trung5601
2025-02-17 22:28:19 info: Login successful for user: MinhDao@gmail.com, username: Minh2509
2025-02-18 14:30:51 warn: Invalid data input
2025-02-18 14:30:53 warn: Invalid data input
2025-02-18 14:31:43 warn: Invalid data input
2025-02-18 14:40:13 info: Login successful for user: trungk12@imail.edu.vn, username: Trung5601
2025-02-18 15:00:26 info: Login successful for user: trungk12@imail.edu.vn, username: Trung5601
2025-02-18 15:04:36 info: Login successful for user: MinhDao@gmail.com, username: Minh2509
2025-02-21 22:26:32 info: Login successful for user: trungk12@imail.edu.vn, username: Trung5601
2025-02-21 22:27:29 info: Login successful for user: MinhDao@gmail.com, username: Minh2509
2025-02-22 10:07:42 info: Login successful for user: trungk12@imail.edu.vn, username: Trung5601
2025-02-22 10:07:53 info: Login successful for user: MinhDao@gmail.com, username: Minh2509
2025-02-22 10:10:00 info: Login successful for user: trungk12@imail.edu.vn, username: Trung5601
2025-02-25 14:45:33 info: Login successful for user: trungk12@imail.edu.vn, username: Trung5601
2025-02-25 14:46:28 info: Login successful for user: MinhDao@gmail.com, username: Minh2509
2025-02-25 14:48:36 info: Start hashing password for son01688870603@gmail.com
2025-02-25 14:48:36 info: User son01688870603@gmail.com has been created with usernamenewUsername}
2025-02-25 14:49:28 info: Login successful for user: son01688870603@gmail.com, username: Son8030
2025-03-02 21:14:17 info: Start hashing password for vitrung2004@gmail.com
2025-03-02 21:14:17 info: User vitrung2004@gmail.com has been created with usernamenewUsername}
2025-03-02 21:14:44 info: Login successful for user: vitrung2004@gmail.com, username: Trung7995
2025-03-02 21:17:08 info: Gửi mã OTP đến email vitrung2004@gmail.com
2025-03-02 21:21:52 info: Gửi mã OTP đến email vitrung2004@gmail.com
2025-03-02 21:21:52 error: Lỗi gửi OTP: ResetPass validation failed: expiresAt: Path `expiresAt` is required.
2025-03-02 21:26:02 info: Gửi mã OTP đến email vitrung2004@gmail.com
2025-03-02 21:26:06 info: Đã gửi mã OTP đến email vitrung2004@gmail.com
2025-03-03 07:55:40 info: Start hashing password for vuthitham88999@gmail.com
2025-03-03 07:55:40 info: User vuthitham88999@gmail.com has been created with usernamenewUsername}
2025-03-03 07:56:51 info: Gửi mã OTP đến email vuthitham88999@gmail.com
2025-03-03 07:56:54 info: Đã gửi mã OTP đến email vuthitham88999@gmail.com
2025-03-03 07:57:18 info: Login successful for user: vuthitham88999@gmail.com, username: Thắm8478
2025-03-03 07:59:04 info: Login successful for user: vitrung2004@gmail.com, username: Trung7995
2025-03-03 08:52:25 info: Gửi mã OTP đến email vuthitham88999@gmail.com
2025-03-03 08:52:28 info: Đã gửi mã OTP đến email vuthitham88999@gmail.com
2025-03-03 08:56:20 info: Login successful for user: MinhDao@gmail.com, username: Minh2509
2025-03-03 08:56:33 info: Login successful for user: trungk12@imail.edu.vn, username: Trung5601
2025-03-03 08:56:46 info: Login successful for user: MinhDao@gmail.com, username: Minh2509
2025-03-03 23:12:41 info: Start hashing password for chamanh.250904@gmail.com
2025-03-03 23:12:42 info: User chamanh.250904@gmail.com has been created with usernamenewUsername}
2025-03-03 23:13:12 info: Login successful for user: chamanh.250904@gmail.com, username: Châm Anh6783
2025-03-03 23:15:14 info: Login successful for user: chamanh.250904@gmail.com, username: Châm Anh6783
2025-03-03 23:16:07 info: Login successful for user: MinhDao@gmail.com, username: Minh2509
2025-03-03 23:32:39 info: Start hashing password for vitrung06022004@gmail.com
2025-03-03 23:32:39 info: User vitrung06022004@gmail.com has been created with usernamenewUsername}
2025-03-03 23:32:47 error: Error register
2025-03-03 23:35:02 info: Login successful for user: vitrung06022004@gmail.com, username: Vi9398
2025-03-04 00:10:28 info: Gửi mã OTP đến email vitrung2004@gmail.com
2025-03-04 00:10:51 info: Đã gửi mã OTP đến email vitrung2004@gmail.com
2025-03-04 00:11:52 info: Gửi mã OTP đến email chamanh.250904@gmail.com
2025-03-04 00:11:56 info: Đã gửi mã OTP đến email chamanh.250904@gmail.com
2025-03-04 00:24:37 info: Gửi mã OTP đến email vitrung06022004@gmail.com
2025-03-04 00:24:37 error: Lỗi gửi OTP: loger.error is not a function
2025-03-04 00:26:52 info: Gửi mã OTP đến email vitrung06022004@gmail.com
2025-03-04 00:26:52 error: Lỗi gửi OTP: logger.error is not a function
2025-03-04 00:27:51 info: Gửi mã OTP đến email vitrung06022004@gmail.com
2025-03-04 00:27:51 info: 📩 Đang gửi email đến: vitrung06022004@gmail.com
2025-03-04 00:27:59 info: ✅ Email đã gửi thành công đến vitrung06022004@gmail.com
2025-03-04 00:27:59 info: Đã gửi mã OTP đến email vitrung06022004@gmail.com
2025-03-08 22:53:14 info: Gửi mã OTP đến email vitrung2004@gmail.com
2025-03-08 22:53:14 info: 📩 Đang gửi email đến: vitrung2004@gmail.com
2025-03-08 22:53:39 info: ✅ Email đã gửi thành công đến vitrung2004@gmail.com
2025-03-08 22:53:39 info: Đã gửi mã OTP đến email vitrung2004@gmail.com
2025-03-08 22:55:33 info: Xác thực mật khẩu cho email undefined
2025-03-08 22:55:33 warn: Email undefined không tồn tại
2025-03-08 22:55:58 info: Xác thực mật khẩu cho email vitrung2004@gmail.com
2025-03-08 22:55:58 error: Lỗi reset mật khẩu: bcrypt is not defined
2025-03-08 22:57:32 info: Gửi mã OTP đến email vitrung2004@gmail.com
2025-03-08 22:57:32 info: 📩 Đang gửi email đến: vitrung2004@gmail.com
2025-03-08 22:57:36 info: ✅ Email đã gửi thành công đến vitrung2004@gmail.com
2025-03-08 22:57:36 info: Đã gửi mã OTP đến email vitrung2004@gmail.com
2025-03-08 22:58:01 info: Xác thực mật khẩu cho email vitrung2004@gmail.com
2025-03-08 22:58:01 error: Lỗi reset mật khẩu: bcrypt is not defined
2025-03-08 22:58:02 info: Xác thực mật khẩu cho email vitrung2004@gmail.com
2025-03-08 22:58:02 error: Lỗi reset mật khẩu: bcrypt is not defined
2025-03-08 23:00:30 info: Xác thực mật khẩu cho email vitrung2004@gmail.com
2025-03-08 23:00:30 error: Lỗi reset mật khẩu: data and hash arguments required
2025-03-08 23:00:38 info: Gửi mã OTP đến email vitrung2004@gmail.com
2025-03-08 23:00:38 info: 📩 Đang gửi email đến: vitrung2004@gmail.com
2025-03-08 23:00:49 info: ✅ Email đã gửi thành công đến vitrung2004@gmail.com
2025-03-08 23:00:49 info: Đã gửi mã OTP đến email vitrung2004@gmail.com
2025-03-08 23:01:10 info: Xác thực mật khẩu cho email vitrung2004@gmail.com
2025-03-08 23:01:10 error: Lỗi reset mật khẩu: data and hash arguments required
2025-03-08 23:03:17 info: Xác thực mật khẩu cho email vitrung2004@gmail.com
2025-03-08 23:03:17 warn: Thiếu dữ liệu: OTP = undefined, OTP lưu = $2b$10$BInGWOFybmcjodGcF.p0t.IC6WTXtpzJFud.wyjV/IRQjcgOD4f46
2025-03-08 23:03:24 info: Gửi mã OTP đến email vitrung2004@gmail.com
2025-03-08 23:03:24 info: 📩 Đang gửi email đến: vitrung2004@gmail.com
2025-03-08 23:03:33 info: ✅ Email đã gửi thành công đến vitrung2004@gmail.com
2025-03-08 23:03:33 info: Đã gửi mã OTP đến email vitrung2004@gmail.com
2025-03-08 23:03:50 info: Xác thực mật khẩu cho email vitrung2004@gmail.com
2025-03-08 23:03:50 warn: Thiếu dữ liệu: OTP = undefined, OTP lưu = $2b$10$VzxWid7xq4T3p1EosYCLvubreTkyMH2VHavHK21Hn3V84iuO2m7BC
2025-03-08 23:03:51 info: Xác thực mật khẩu cho email vitrung2004@gmail.com
2025-03-08 23:03:51 warn: Thiếu dữ liệu: OTP = undefined, OTP lưu = $2b$10$VzxWid7xq4T3p1EosYCLvubreTkyMH2VHavHK21Hn3V84iuO2m7BC
2025-03-08 23:03:51 info: Xác thực mật khẩu cho email vitrung2004@gmail.com
2025-03-08 23:03:52 warn: Thiếu dữ liệu: OTP = undefined, OTP lưu = $2b$10$VzxWid7xq4T3p1EosYCLvubreTkyMH2VHavHK21Hn3V84iuO2m7BC
2025-03-08 23:03:52 info: Xác thực mật khẩu cho email vitrung2004@gmail.com
2025-03-08 23:03:52 warn: Thiếu dữ liệu: OTP = undefined, OTP lưu = $2b$10$VzxWid7xq4T3p1EosYCLvubreTkyMH2VHavHK21Hn3V84iuO2m7BC
2025-03-08 23:03:52 info: Xác thực mật khẩu cho email vitrung2004@gmail.com
2025-03-08 23:03:52 warn: Thiếu dữ liệu: OTP = undefined, OTP lưu = $2b$10$VzxWid7xq4T3p1EosYCLvubreTkyMH2VHavHK21Hn3V84iuO2m7BC
2025-03-08 23:05:00 info: Xác thực mật khẩu cho email vitrung2004@gmail.com
2025-03-08 23:05:00 warn: Thiếu dữ liệu: OTP = undefined, OTP lưu = $2b$10$VzxWid7xq4T3p1EosYCLvubreTkyMH2VHavHK21Hn3V84iuO2m7BC
2025-03-08 23:12:13 info: Gửi mã OTP đến email vitrung2004@gmail.com
2025-03-08 23:12:13 info: 📩 Đang gửi email đến: vitrung2004@gmail.com
2025-03-08 23:12:23 info: ✅ Email đã gửi thành công đến vitrung2004@gmail.com
2025-03-08 23:12:23 info: Đã gửi mã OTP đến email vitrung2004@gmail.com
2025-03-08 23:12:37 info: Xác thực mật khẩu cho email vitrung2004@gmail.com
2025-03-08 23:12:37 info: Mật khẩu đã được thay đổi
2025-03-08 23:13:49 info: Login successful for user: vitrung2004@gmail.com, username: Trung7995
2025-03-14 09:42:37 warn: User not found
2025-03-14 09:43:02 warn: User not found
2025-03-14 09:49:56 warn: User not found
2025-03-14 09:51:09 warn: User not found
2025-03-14 09:53:26 warn: User not found
2025-03-14 09:53:35 warn: User not found
2025-03-14 09:53:41 warn: User not found
2025-03-14 09:54:12 warn: Password is incorrect
2025-03-14 09:54:22 info: Login successful for user: vitrung2004@gmail.com, username: Trung7995
2025-03-14 09:57:44 warn: User not found
2025-03-14 10:03:05 warn: User not found
2025-03-14 10:03:30 warn: User not found
2025-03-14 10:03:35 warn: User not found
2025-03-14 10:03:39 warn: User not found
2025-03-14 10:03:43 warn: User not found
2025-03-14 10:03:49 warn: User not found
2025-03-14 10:03:58 warn: User not found
2025-03-14 10:04:02 info: Login successful for user: MinhDao@gmail.com, username: Minh2509
2025-03-14 10:15:00 warn: User not found
2025-03-14 10:15:15 info: Login successful for user: MinhDao@gmail.com, username: Minh2509
2025-03-14 10:16:03 info: Login successful for user: MinhDao@gmail.com, username: Minh2509
2025-03-14 10:18:29 warn: Password is incorrect
2025-03-14 10:18:31 warn: Password is incorrect
2025-03-14 10:18:34 warn: Password is incorrect
2025-03-14 10:18:37 warn: Password is incorrect
2025-03-14 10:19:05 warn: User not found
2025-03-14 10:19:07 warn: User not found
2025-03-14 10:19:09 warn: User not found
2025-03-14 10:19:11 warn: User not found
2025-03-14 10:19:13 warn: User not found
2025-03-14 10:19:26 info: Login successful for user: MinhDao@gmail.com, username: Minh2509
2025-03-14 10:20:42 info: Login successful for user: trungk12@imail.edu.vn, username: Trung5601
2025-03-18 23:40:22 info: Gửi mã OTP đến email vitrung2004@gmail.com
2025-03-18 23:40:22 info: 📩 Đang gửi email đến: vitrung2004@gmail.com
2025-03-18 23:40:25 info: ✅ Email đã gửi thành công đến vitrung2004@gmail.com
2025-03-18 23:40:25 info: Đã gửi mã OTP đến email vitrung2004@gmail.com
2025-03-19 08:06:27 info: Gửi mã OTP đến email vitrung2004@gmail.com
2025-03-19 08:06:27 info: 📩 Đang gửi email đến: vitrung2004@gmail.com
2025-03-19 08:06:31 info: ✅ Email đã gửi thành công đến vitrung2004@gmail.com
2025-03-19 08:06:31 info: Đã gửi mã OTP đến email vitrung2004@gmail.com
2025-03-19 08:07:04 info: Gửi mã OTP đến email undefined
2025-03-19 08:11:41 info: Gửi mã OTP đến email vitrung2004@gmail.com
2025-03-19 08:11:41 info: 📩 Đang gửi email đến: vitrung2004@gmail.com
2025-03-19 08:11:44 info: ✅ Email đã gửi thành công đến vitrung2004@gmail.com
2025-03-19 08:11:44 info: Đã gửi mã OTP đến email vitrung2004@gmail.com
2025-03-19 08:12:07 info: Gửi mã OTP đến email undefined
2025-03-19 08:13:46 info: Gửi mã OTP đến email undefined
2025-03-19 08:14:39 info: Gửi mã OTP đến email undefined
2025-03-19 08:18:26 info: Gửi mã OTP đến email vitrung2004@gmail.com
2025-03-19 08:18:26 info: 📩 Đang gửi email đến: vitrung2004@gmail.com
2025-03-19 08:18:30 info: ✅ Email đã gửi thành công đến vitrung2004@gmail.com
2025-03-19 08:18:30 info: Đã gửi mã OTP đến email vitrung2004@gmail.com
2025-03-19 08:18:53 info: Gửi mã OTP đến email undefined
2025-03-19 08:20:33 info: Gửi mã OTP đến email undefined
2025-03-19 08:26:16 info: Gửi mã OTP đến email vitrung2004@gmail.com
2025-03-19 08:26:17 info: 📩 Đang gửi email đến: vitrung2004@gmail.com
2025-03-19 08:26:21 info: ✅ Email đã gửi thành công đến vitrung2004@gmail.com
2025-03-19 08:26:21 info: Đã gửi mã OTP đến email vitrung2004@gmail.com
2025-03-19 08:33:10 info: Gửi mã OTP đến email vitrung2004@gmail.com
2025-03-19 08:33:10 info: 📩 Đang gửi email đến: vitrung2004@gmail.com
2025-03-19 08:33:14 info: ✅ Email đã gửi thành công đến vitrung2004@gmail.com
2025-03-19 08:33:14 info: Đã gửi mã OTP đến email vitrung2004@gmail.com
2025-03-19 08:36:46 info: Gửi mã OTP đến email vitrung2004@gmail.com
2025-03-19 08:36:46 info: 📩 Đang gửi email đến: vitrung2004@gmail.com
2025-03-19 08:36:49 info: ✅ Email đã gửi thành công đến vitrung2004@gmail.com
2025-03-19 08:36:49 info: Đã gửi mã OTP đến email vitrung2004@gmail.com
2025-03-19 08:37:52 info: Gửi mã OTP đến email null
2025-03-19 08:40:08 info: Gửi mã OTP đến email null
2025-03-19 08:40:14 info: Gửi mã OTP đến email vitrung2004@gmail.com
2025-03-19 08:40:14 info: 📩 Đang gửi email đến: vitrung2004@gmail.com
2025-03-19 08:40:18 info: ✅ Email đã gửi thành công đến vitrung2004@gmail.com
2025-03-19 08:40:18 info: Đã gửi mã OTP đến email vitrung2004@gmail.com
2025-03-19 08:47:12 info: Gửi mã OTP đến email MinhDao@gmail.com
2025-03-19 08:47:12 info: 📩 Đang gửi email đến: MinhDao@gmail.com
2025-03-19 08:47:16 info: ✅ Email đã gửi thành công đến MinhDao@gmail.com
2025-03-19 08:47:16 info: Đã gửi mã OTP đến email MinhDao@gmail.com
2025-03-19 08:47:28 info: Gửi mã OTP đến email [object HTMLInputElement]
2025-03-19 08:50:40 info: Gửi mã OTP đến email vitrung2004@gmail.com
2025-03-19 08:50:40 info: 📩 Đang gửi email đến: vitrung2004@gmail.com
2025-03-19 08:50:43 info: ✅ Email đã gửi thành công đến vitrung2004@gmail.com
2025-03-19 08:50:43 info: Đã gửi mã OTP đến email vitrung2004@gmail.com
2025-03-19 08:51:07 info: Gửi mã OTP đến email [object HTMLInputElement]
2025-03-19 08:55:45 info: Gửi mã OTP đến email MinhDao@gmail.com
2025-03-19 08:55:45 info: 📩 Đang gửi email đến: MinhDao@gmail.com
2025-03-19 08:55:49 info: ✅ Email đã gửi thành công đến MinhDao@gmail.com
2025-03-19 08:55:49 info: Đã gửi mã OTP đến email MinhDao@gmail.com
2025-03-19 08:56:00 info: Gửi mã OTP đến email MinhDao@gmail.com
2025-03-19 08:56:00 info: 📩 Đang gửi email đến: MinhDao@gmail.com
2025-03-19 08:56:03 info: Gửi mã OTP đến email MinhDao@gmail.com
2025-03-19 08:56:03 info: 📩 Đang gửi email đến: MinhDao@gmail.com
2025-03-19 08:56:04 info: ✅ Email đã gửi thành công đến MinhDao@gmail.com
2025-03-19 08:56:04 info: Đã gửi mã OTP đến email MinhDao@gmail.com
2025-03-19 08:56:06 info: ✅ Email đã gửi thành công đến MinhDao@gmail.com
2025-03-19 08:56:06 info: Đã gửi mã OTP đến email MinhDao@gmail.com
2025-03-19 08:59:12 info: Gửi mã OTP đến email MinhDao@gmail.com
2025-03-19 08:59:12 info: 📩 Đang gửi email đến: MinhDao@gmail.com
2025-03-19 08:59:16 info: ✅ Email đã gửi thành công đến MinhDao@gmail.com
2025-03-19 08:59:16 info: Đã gửi mã OTP đến email MinhDao@gmail.com
2025-03-19 08:59:37 info: Gửi mã OTP đến email MinhDao@gmail.com
2025-03-19 08:59:37 info: 📩 Đang gửi email đến: MinhDao@gmail.com
2025-03-19 08:59:41 info: ✅ Email đã gửi thành công đến MinhDao@gmail.com
2025-03-19 08:59:41 info: Đã gửi mã OTP đến email MinhDao@gmail.com
2025-03-19 09:04:27 info: Gửi mã OTP đến email MinhDao@gmail.com
2025-03-19 09:04:27 info: 📩 Đang gửi email đến: MinhDao@gmail.com
2025-03-19 09:04:32 info: ✅ Email đã gửi thành công đến MinhDao@gmail.com
2025-03-19 09:04:32 info: Đã gửi mã OTP đến email MinhDao@gmail.com
2025-03-19 09:04:39 info: Gửi mã OTP đến email MinhDao@gmail.com
2025-03-19 09:04:39 info: 📩 Đang gửi email đến: MinhDao@gmail.com
2025-03-19 09:04:43 info: ✅ Email đã gửi thành công đến MinhDao@gmail.com
2025-03-19 09:04:43 info: Đã gửi mã OTP đến email MinhDao@gmail.com
2025-03-19 09:08:30 info: Gửi mã OTP đến email MinhDao@gmail.com
2025-03-19 09:08:30 info: 📩 Đang gửi email đến: MinhDao@gmail.com
2025-03-19 09:08:34 info: ✅ Email đã gửi thành công đến MinhDao@gmail.com
2025-03-19 09:08:34 info: Đã gửi mã OTP đến email MinhDao@gmail.com
2025-03-19 09:10:04 info: Xác thực mật khẩu cho email MinhDao@gmail.com
2025-03-19 09:10:04 warn: Thiếu dữ liệu: OTP = undefined, OTP lưu = $2b$10$FWj8vMR9hLxRZXyzngifJeoOUjPL41tckVh5F2IfuExcajMpK3k4u
2025-03-19 09:12:11 info: Xác thực mật khẩu cho email MinhDao@gmail.com
2025-03-19 09:12:11 warn: OTP cho email MinhDao@gmail.com đã hết hạn
2025-03-19 09:14:32 info: Gửi mã OTP đến email MinhDao@gmail.com
2025-03-19 09:14:32 info: 📩 Đang gửi email đến: MinhDao@gmail.com
2025-03-19 09:14:36 info: ✅ Email đã gửi thành công đến MinhDao@gmail.com
2025-03-19 09:14:36 info: Đã gửi mã OTP đến email MinhDao@gmail.com
2025-03-19 09:14:43 info: Xác thực mật khẩu cho email MinhDao@gmail.com
2025-03-19 09:14:43 warn: Thiếu dữ liệu: OTP = undefined, OTP lưu = $2b$10$OuB.Fg3lgsnn/kim7oKA2eLjfUvqlTXxfYCzGdFU//JuXCajqZ1wu
2025-03-19 09:16:02 info: Gửi mã OTP đến email vitrung2004@gmail.com
2025-03-19 09:16:03 info: 📩 Đang gửi email đến: vitrung2004@gmail.com
2025-03-19 09:16:07 info: ✅ Email đã gửi thành công đến vitrung2004@gmail.com
2025-03-19 09:16:07 info: Đã gửi mã OTP đến email vitrung2004@gmail.com
2025-03-19 09:16:20 info: Xác thực mật khẩu cho email vitrung2004@gmail.com
2025-03-19 09:16:20 warn: Thiếu dữ liệu: OTP = undefined, OTP lưu = $2b$10$snT1dd8Biey7JYt3QAN5TefuxbuuiZ5LRnDn5c6mHaiBpKOCoQD8i
2025-03-19 09:16:48 info: Xác thực mật khẩu cho email vitrung2004@gmail.com
2025-03-19 09:16:48 warn: Thiếu dữ liệu: OTP = undefined, OTP lưu = $2b$10$snT1dd8Biey7JYt3QAN5TefuxbuuiZ5LRnDn5c6mHaiBpKOCoQD8i
2025-03-19 09:16:51 info: Xác thực mật khẩu cho email vitrung2004@gmail.com
2025-03-19 09:16:51 warn: Thiếu dữ liệu: OTP = undefined, OTP lưu = $2b$10$snT1dd8Biey7JYt3QAN5TefuxbuuiZ5LRnDn5c6mHaiBpKOCoQD8i
2025-03-19 09:16:51 info: Xác thực mật khẩu cho email vitrung2004@gmail.com
2025-03-19 09:16:51 warn: Thiếu dữ liệu: OTP = undefined, OTP lưu = $2b$10$snT1dd8Biey7JYt3QAN5TefuxbuuiZ5LRnDn5c6mHaiBpKOCoQD8i
2025-03-19 09:17:18 info: Xác thực mật khẩu cho email vitrung2004@gmail.com
2025-03-19 09:17:18 warn: Thiếu dữ liệu: OTP = undefined, OTP lưu = $2b$10$snT1dd8Biey7JYt3QAN5TefuxbuuiZ5LRnDn5c6mHaiBpKOCoQD8i
2025-03-19 09:19:18 info: Xác thực mật khẩu cho email vitrung2004@gmail.com
2025-03-19 09:19:18 warn: OTP cho email vitrung2004@gmail.com đã hết hạn
2025-03-19 09:19:40 info: Gửi mã OTP đến email vitrung2004@gmail.com
2025-03-19 09:19:40 info: 📩 Đang gửi email đến: vitrung2004@gmail.com
2025-03-19 09:19:45 info: ✅ Email đã gửi thành công đến vitrung2004@gmail.com
2025-03-19 09:19:45 info: Đã gửi mã OTP đến email vitrung2004@gmail.com
2025-03-19 09:20:01 info: Xác thực mật khẩu cho email vitrung2004@gmail.com
2025-03-19 09:20:01 warn: Mật khẩu không được để trống
2025-03-19 09:25:38 info: Gửi mã OTP đến email vitrung2004@gmail.com
2025-03-19 09:25:38 info: 📩 Đang gửi email đến: vitrung2004@gmail.com
2025-03-19 09:25:43 info: ✅ Email đã gửi thành công đến vitrung2004@gmail.com
2025-03-19 09:25:43 info: Đã gửi mã OTP đến email vitrung2004@gmail.com
2025-03-19 09:25:46 info: Gửi mã OTP đến email vitrung2004@gmail.com
2025-03-19 09:25:46 info: 📩 Đang gửi email đến: vitrung2004@gmail.com
2025-03-19 09:25:47 info: Gửi mã OTP đến email vitrung2004@gmail.com
2025-03-19 09:25:48 info: 📩 Đang gửi email đến: vitrung2004@gmail.com
2025-03-19 09:25:50 info: ✅ Email đã gửi thành công đến vitrung2004@gmail.com
2025-03-19 09:25:50 info: Đã gửi mã OTP đến email vitrung2004@gmail.com
2025-03-19 09:25:51 info: ✅ Email đã gửi thành công đến vitrung2004@gmail.com
2025-03-19 09:25:51 info: Đã gửi mã OTP đến email vitrung2004@gmail.com
2025-03-19 09:26:20 info: Xác thực OTP cho email vitrung2004@gmail.com
2025-03-19 22:02:59 info: Cập nhật mật khẩu cho email undefined
2025-03-19 22:02:59 warn: Mật khẩu không hợp lệ
2025-03-19 22:10:26 info: Cập nhật mật khẩu cho email undefined
2025-03-19 22:10:26 warn: Mật khẩu không hợp lệ
2025-03-19 22:10:55 info: Cập nhật mật khẩu cho email undefined
2025-03-19 22:10:55 warn: Mật khẩu không hợp lệ
2025-03-19 22:20:26 info: Cập nhật mật khẩu cho email undefined
2025-03-19 22:20:26 warn: Mật khẩu không hợp lệ
2025-03-19 22:21:22 info: Cập nhật mật khẩu cho email undefined
2025-03-19 22:21:22 warn: Mật khẩu không hợp lệ
2025-03-19 22:25:42 info: Cập nhật mật khẩu cho email vitrung2004@gmail.com
2025-03-19 22:25:42 info: Mật khẩu đã được thay đổi thành công
2025-03-19 22:35:33 info: Cập nhật mật khẩu cho email vitrung2004@gmail.com
2025-03-19 22:35:33 info: Mật khẩu đã được thay đổi thành công
2025-03-19 23:19:40 info: Gửi mã OTP đến email vitrung2004@gmail.com
2025-03-19 23:19:41 info: 📩 Đang gửi email đến: vitrung2004@gmail.com
2025-03-19 23:19:43 info: ✅ Email đã gửi thành công đến vitrung2004@gmail.com
2025-03-19 23:19:43 info: Đã gửi mã OTP đến email vitrung2004@gmail.com
2025-03-19 23:20:39 info: Xác thực OTP cho email vitrung2004@gmail.com
2025-03-19 23:31:03 info: Gửi mã OTP đến email vitrung2004@gmail.com
2025-03-19 23:31:03 info: 📩 Đang gửi email đến: vitrung2004@gmail.com
2025-03-19 23:31:12 info: ✅ Email đã gửi thành công đến vitrung2004@gmail.com
2025-03-19 23:31:12 info: Đã gửi mã OTP đến email vitrung2004@gmail.com
2025-03-19 23:31:30 info: Xác thực OTP cho email vitrung2004@gmail.com
2025-03-19 23:35:47 info: Gửi mã OTP đến email vitrung2004@gmail.com
2025-03-19 23:35:47 info: 📩 Đang gửi email đến: vitrung2004@gmail.com
2025-03-19 23:35:55 info: ✅ Email đã gửi thành công đến vitrung2004@gmail.com
2025-03-19 23:35:55 info: Đã gửi mã OTP đến email vitrung2004@gmail.com
2025-03-19 23:36:30 info: Xác thực OTP cho email vitrung2004@gmail.com
2025-03-19 23:55:25 info: Gửi mã OTP đến email vitrung2004@gmail.com
2025-03-19 23:55:25 info: 📩 Đang gửi email đến: vitrung2004@gmail.com
2025-03-19 23:55:33 info: ✅ Email đã gửi thành công đến vitrung2004@gmail.com
2025-03-19 23:55:33 info: Đã gửi mã OTP đến email vitrung2004@gmail.com
2025-03-19 23:55:52 info: Xác thực OTP cho email vitrung2004@gmail.com
2025-03-20 00:02:16 info: Gửi mã OTP đến email vitrung2004@gmail.com
2025-03-20 00:02:17 info: 📩 Đang gửi email đến: vitrung2004@gmail.com
2025-03-20 00:02:25 info: ✅ Email đã gửi thành công đến vitrung2004@gmail.com
2025-03-20 00:02:25 info: Đã gửi mã OTP đến email vitrung2004@gmail.com
2025-03-20 00:02:46 info: Xác thực OTP cho email vitrung2004@gmail.com
2025-03-20 00:23:25 info: Cập nhật mật khẩu cho email vitrung2004@gmail.com
2025-03-20 00:23:25 info: Mật khẩu đã được thay đổi thành công
2025-03-20 00:25:01 info: Login successful for user: vitrung2004@gmail.com, username: Trung7995
2025-03-20 00:26:01 info: Cập nhật mật khẩu cho email vitrung2004@gmail.com
2025-03-20 00:26:01 warn: Người dùng vitrung2004@gmail.com chưa xác thực OTP
2025-03-20 00:26:14 warn: Password is incorrect
2025-03-20 00:33:38 info: Gửi mã OTP đến email vitrung2004@gmail.com
2025-03-20 00:33:38 info: 📩 Đang gửi email đến: vitrung2004@gmail.com
2025-03-20 00:33:48 info: ✅ Email đã gửi thành công đến vitrung2004@gmail.com
2025-03-20 00:33:48 info: Đã gửi mã OTP đến email vitrung2004@gmail.com
2025-03-20 00:34:16 info: Xác thực OTP cho email vitrung2004@gmail.com
2025-03-20 00:34:42 info: Cập nhật mật khẩu cho email vitrung2004@gmail.com
2025-03-20 00:34:42 info: Mật khẩu đã được thay đổi thành công
2025-03-20 00:35:34 info: Login successful for user: vitrung2004@gmail.com, username: Trung7995
2025-03-26 21:16:06 info: Login successful for user: trungk12@imail.edu.vn, username: Trung5601
2025-03-26 21:28:21 info: Start hashing password for nguyen@gmail.com
2025-03-26 21:28:21 info: User nguyen@gmail.com has been created with usernamenewUsername}
2025-03-26 21:28:21 info: 📩 Đang gửi email đến: nguyen@gmail.com
2025-03-26 21:28:24 info: ✅ Email đã gửi thành công đến nguyen@gmail.com
2025-03-26 21:36:34 info: Start hashing password for Namhanguyen@gmail.com
2025-03-26 21:36:34 info: User Namhanguyen@gmail.com has been created with usernamenewUsername}
2025-03-26 21:36:34 info: 📩 Đang gửi email đến: Namhanguyen@gmail.com
2025-03-26 21:36:37 info: ✅ Email đã gửi thành công đến Namhanguyen@gmail.com
2025-03-26 21:39:56 info: Start hashing password for HanamNguyen@gmail.com
2025-03-26 21:39:56 info: User HanamNguyen@gmail.com has been created with usernamenewUsername}
2025-03-26 21:39:56 info: 📩 Đang gửi email đến: HanamNguyen@gmail.com
2025-03-26 21:40:00 info: ✅ Email đã gửi thành công đến HanamNguyen@gmail.com
2025-03-28 23:13:59 warn: Password is incorrect
2025-03-28 23:14:08 warn: Password is incorrect
2025-03-28 23:14:12 warn: Password is incorrect
2025-03-28 23:14:49 info: Login successful for user: trungk12@imail.edu.vn, username: Trung5601
2025-03-31 22:47:04 info: Login successful for user: trungk12@imail.edu.vn, username: Trung5601
2025-04-06 00:31:04 info: Start hashing password for shoppingathome18@gmail.com
2025-04-06 00:31:04 info: User shoppingathome18@gmail.com has been created with usernamenewUsername}
2025-04-06 00:31:04 info: 📩 Đang gửi email đến: shoppingathome18@gmail.com
2025-04-06 00:31:13 info: ✅ Email đã gửi thành công đến shoppingathome18@gmail.com
2025-04-10 15:18:00 warn: Password is incorrect
2025-04-10 15:18:16 info: Login successful for user: trungk12@imail.edu.vn, username: Trung5601
2025-06-09 18:13:07 info: Login successful for user: MinhDao@gmail.com, username: Minh2509
2025-06-11 21:30:40 warn: Password is incorrect
2025-06-11 21:30:48 info: Login successful for user: MinhDao@gmail.com, username: Minh2509
